Vlan: Kalos0
MAC Address: cafecafecafe 
Status: ALLOW
