Vlan: Loris0
MAC Address: cafecafecafe 
Status: DENY
