shortname	tapioca_test_tcp_client
secret		123testing
proto		tcp
