shortname	rapadura_test_client
secret		testing123
proto		*
