shortname	paodequeijo_test_udp_client
secret		testing123
proto		udp
