count.in	0
count.out	0
count.dup	0
count.dropped	0
