Add ou=people,dc=example,dc=com uid=fred,ou=people,dc=example,dc=com  fred
