Delete ou=people,dc=example,dc=com uid=frederic,ou=people,dc=example,dc=com  frederic
