Modify ou=groups,dc=example,dc=com cn=foo,ou=groups,dc=example,dc=com  
Group member uid=john,ou=people,dc=example,dc=com
