update request {
	&Filter-Id := "filter"
	&User-Name := "blah"
	&reply:Filter-Id += &Filter-Id[*]
}
