Sent Access-Request Id 123 from 0.0.0.0:1243 to 127.0.0.1:12351 length 45 
        User-Name = "bob"
        User-Password = "hello"
        NAS-Identifier = "dynamic"
        Password.Cleartext = "hello"
Received Access-Accept Id 123 from 127.0.0.1:12351 to 0.0.0.0:1243 via lo length 38 
        Reply-Message = "Have Proxy-State"
        NAS-Port = 2
(0) src/tests/radclient/auth_dynamic.txt response code 2
