Sent Access-Request Id 123 from 0.0.0.0:1243 to 127.0.0.1:12351 length 45 
        User-Name = "proxy"
        User-Password = "hello"
Received Access-Accept Id 123 from 127.0.0.1:12351 to 0.0.0.0:1243 via lo length 38 
        Reply-Message = "Have Proxy-State"
(0) src/tests/radclient/auth_proxy.txt response code 2
