Packet summary:
	Accepted      : 1
	Rejected      : 0
	Lost          : 0
	Errored       : 0
	Passed filter : 1
	Failed filter : 0
