Sent Access-Request Id 123 from 0.0.0.0:1234 to 127.0.0.1:12340 length 43 
	Cleartext-Password = "hello"
	User-Name = "bob"
	User-Password = "hello"
Received Access-Accept Id 123 from 127.0.0.1:12340 to 0.0.0.0:1234 via lo length 20 
