status: SUCCESS
data: b'\x12'
server_msg: b'Accounting-Watchdog Section'
