status: PASS
server_msg: b'Authorization-Request accepted'
