status: FAIL
data: b'Authentication-Data'
server_msg: b'CHAP authentication failed for scald'
