status: ERROR
server_msg: b'Authorization-Request failed for caju'
