status: PASS
data: b'Authentication-Data'
server_msg: b'Authentication-Start accepted'
