status: PASS
data: b'Authentication-Data'
server_msg: b'CHAP authentication accepted'
